
> MonJeu@0.0.1 start
> webpack serve --mode development --config webpack.config.js

<i> [webpack-dev-server] Project is running at:
<i> [webpack-dev-server] Loopback: http://localhost:3000/, http://[::1]:3000/
<i> [webpack-dev-server] On Your Network (IPv4): http://192.168.0.2:3000/
<i> [webpack-dev-server] Content not from webpack is served from '/app/public' directory
<i> [webpack-dev-server] 404s will fallback to '/index.html'
asset bundle.web.js 4.82 MiB [emitted] (name: main)
asset index.html 718 bytes [emitted]
runtime modules 29 KiB 13 modules
orphan modules 234 bytes [orphan] 1 module
modules by path ./node_modules/ 3.39 MiB 566 modules
modules by path ./src/ 306 KiB
  ./src/screens/MenuScreen.js 21.3 KiB [built] [code generated]
  ./src/screens/GameScreen.js 18.7 KiB [built] [code generated]
  ./src/screens/SnakeGameScreen.js 11.3 KiB [built] [code generated]
  ./src/screens/PongGameScreen.js 20.2 KiB [built] [code generated]
  ./src/screens/TetrisGameScreen.js 21.4 KiB [built] [code generated]
  ./src/screens/BobbyTablesGameScreen.js 30.3 KiB [built] [code generated]
  + 6 modules
modules by path ./*.js 5.25 KiB
  ./index.web.js 456 bytes [built] [code generated]
  ./App.js 4.81 KiB [built] [code generated]
./assets/images/play_store_512.png 340 KiB [built] [code generated]

WARNING in ./node_modules/react-native-gesture-handler/lib/module/handlers/gestures/reanimatedWrapper.js 1:754-786
Module not found: Error: Can't resolve 'react-native-worklets' in '/app/node_modules/react-native-gesture-handler/lib/module/handlers/gestures'
 @ ./node_modules/react-native-gesture-handler/lib/module/handlers/gestures/GestureDetector/utils.js 1:1161-1192
 @ ./node_modules/react-native-gesture-handler/lib/module/handlers/gestures/GestureDetector/index.js 1:766-784
 @ ./node_modules/react-native-gesture-handler/lib/module/components/Text.js 1:533-580
 @ ./node_modules/react-native-gesture-handler/lib/module/index.js 1:5336-5364
 @ ./index.web.js 1:83-122

1 warning has detailed information that is not shown.
Use 'stats.errorDetails: true' resp. '--stats-error-details' to show it.

webpack 5.108.4 compiled with 1 warning in 3344 ms
<i> [webpack-dev-server] Gracefully shutting down. To force exit, press ^C again. Please wait...
